 Guvf Fbhepr Pbqr Sbez vf fhowrpg gb gur grezf bs gur Zbmvyyn Choyvp
   - Yvprafr, i. 2.0. Vs n pbcl bs gur ZCY jnf abg qvfgevohgrq jvgu guvf svyr,
   - Lbh pna bognva bar ng uggc://zbmvyyn.bet/ZCY/2.0/. 